
> signalbridge-insights@0.1.0 build
> next build

Γû▓ Next.js 16.1.6 (Turbopack)

  Creating an optimized production build ...
node.exe : 
At line:1 char:1
+ & "C:\Program File
s\nodejs/node.exe" 
"C:\Program Files\no
dejs/node_mo ...
+ ~~~~~~~~~~~~~~~~~~
~~~~~~~~~~~~~~~~~~~~
~~~~~~~~~~~~~~~~~~~~
~~~~~~~~~~~
    + CategoryInfo  
            : NotS  
  pecified: (:Str   
 ing) [], Remote    
Exception
    + FullyQualifie 
   dErrorId : Nati  
  veCommandError
 
> Build error 
occurred
Error: Turbopack 
build failed with 3 
errors:
./src/app/compliance
/compliance.module.c
ss
Transforming CSS 
failed
Selector "button" 
is not pure. Pure 
selectors must 
contain at least 
one local class or 
id.

Import traces:
  Client Component 
Browser:
    ./src/app/compli
ance/compliance.modu
le.css [Client 
Component Browser]
    ./src/app/compli
ance/page.tsx 
[Client Component 
Browser]
    ./src/app/compli
ance/page.tsx 
[Server Component]

  Client Component 
SSR:
    ./src/app/compli
ance/compliance.modu
le.css [Client 
Component SSR]
    ./src/app/compli
ance/page.tsx 
[Client Component 
SSR]
    ./src/app/compli
ance/page.tsx 
[Server Component]


./src/app/compliance
/compliance.module.c
ss
Transforming CSS 
failed
Selector "footer" 
is not pure. Pure 
selectors must 
contain at least 
one local class or 
id.

Import traces:
  Client Component 
Browser:
    ./src/app/compli
ance/compliance.modu
le.css [Client 
Component Browser]
    ./src/app/compli
ance/page.tsx 
[Client Component 
Browser]
    ./src/app/compli
ance/page.tsx 
[Server Component]

  Client Component 
SSR:
    ./src/app/compli
ance/compliance.modu
le.css [Client 
Component SSR]
    ./src/app/compli
ance/page.tsx 
[Client Component 
SSR]
    ./src/app/compli
ance/page.tsx 
[Server Component]


./src/app/compliance
/compliance.module.c
ss
Transforming CSS 
failed
Selector "nav" is 
not pure. Pure 
selectors must 
contain at least 
one local class or 
id.

Import traces:
  Client Component 
Browser:
    ./src/app/compli
ance/compliance.modu
le.css [Client 
Component Browser]
    ./src/app/compli
ance/page.tsx 
[Client Component 
Browser]
    ./src/app/compli
ance/page.tsx 
[Server Component]

  Client Component 
SSR:
    ./src/app/compli
ance/compliance.modu
le.css [Client 
Component SSR]
    ./src/app/compli
ance/page.tsx 
[Client Component 
SSR]
    ./src/app/compli
ance/page.tsx 
[Server Component]


    at 
ignore-listed frames
